{"level":"info","message":"Hello from Acquisiton","service":"acquisitons-api"}
{"level":"info","message":"::1 - - [27/Aug/2026:22:39:26 +0000] \"GET / HTTP/1.1\" 304 - \"-\" \"Mozilla/5.0 (Windows NT 10.0; Win64; x64) AppleWebKit/537.36 (KHTML, like Gecko) Chrome/151.0.0.0 Safari/537.36\"","service":"acquisitons-api"}
{"level":"info","message":"Hello from Acquisiton","service":"acquisitons-api"}
{"level":"info","message":"::1 - - [28/Aug/2026:01:07:32 +0000] \"GET / HTTP/1.1\" 304 - \"-\" \"Mozilla/5.0 (Windows NT 10.0; Win64; x64) AppleWebKit/537.36 (KHTML, like Gecko) Chrome/151.0.0.0 Safari/537.36\"","service":"acquisitons-api"}
{"level":"info","message":"Hello from Acquisiton","service":"acquisitons-api"}
{"level":"info","message":"::1 - - [28/Aug/2026:01:14:13 +0000] \"GET / HTTP/1.1\" 200 21 \"-\" \"HTTPie\"","service":"acquisitons-api"}
{"level":"info","message":"::1 - - [28/Aug/2026:01:14:41 +0000] \"GET /api HTTP/1.1\" 200 41 \"-\" \"HTTPie\"","service":"acquisitons-api"}
{"level":"info","message":"::1 - - [28/Aug/2026:01:14:59 +0000] \"GET /health HTTP/1.1\" 200 36 \"-\" \"HTTPie\"","service":"acquisitons-api"}
{"level":"info","message":"::1 - - [28/Aug/2026:01:17:15 +0000] \"POST /api/auth/sign-in HTTP/1.1\" 200 22 \"-\" \"HTTPie\"","service":"acquisitons-api"}
{"level":"info","message":"::1 - - [28/Aug/2026:12:59:09 +0000] \"POST /api/auth/sign-up HTTP/1.1\" 200 22 \"-\" \"HTTPie\"","service":"acquisitons-api"}
{"level":"info","message":"::1 - - [28/Aug/2026:13:01:10 +0000] \"POST /api/auth/sign-up HTTP/1.1\" 400 92 \"-\" \"HTTPie\"","service":"acquisitons-api"}
{"level":"info","message":"User registered successfully: nishant@devops.com","service":"acquisitons-api"}
{"level":"info","message":"::1 - - [28/Aug/2026:13:03:13 +0000] \"POST /api/auth/sign-up HTTP/1.1\" 201 118 \"-\" \"HTTPie\"","service":"acquisitons-api"}
{"level":"info","message":"::1 - - [28/Aug/2026:14:09:37 +0000] \"POST /api/auth/sign-up HTTP/1.1\" 400 92 \"-\" \"HTTPie\"","service":"acquisitons-api"}
{"level":"error","message":"Error hashing the password: ${e}","service":"acquisitons-api"}
{"level":"error","message":"Error creating user: Error: Error Hashing","service":"acquisitons-api"}
{"level":"error","message":"Signup error Error Hashing","service":"acquisitons-api","stack":"Error: Error Hashing\n    at hashPassword (file:///C:/Users/WIN%2010/WebstormProjects/acqusition/src/services/auth.service.js:13:11)\n    at createUser (file:///C:/Users/WIN%2010/WebstormProjects/acqusition/src/services/auth.service.js:26:33)\n    at signup (file:///C:/Users/WIN%2010/WebstormProjects/acqusition/src/controllers/auth.controller.js:21:24)\n    at Layer.handleRequest (C:\\Users\\WIN 10\\WebstormProjects\\acqusition\\node_modules\\router\\lib\\layer.js:152:17)\n    at next (C:\\Users\\WIN 10\\WebstormProjects\\acqusition\\node_modules\\router\\lib\\route.js:157:13)\n    at Route.dispatch (C:\\Users\\WIN 10\\WebstormProjects\\acqusition\\node_modules\\router\\lib\\route.js:117:3)\n    at handle (C:\\Users\\WIN 10\\WebstormProjects\\acqusition\\node_modules\\router\\index.js:435:11)\n    at Layer.handleRequest (C:\\Users\\WIN 10\\WebstormProjects\\acqusition\\node_modules\\router\\lib\\layer.js:152:17)\n    at C:\\Users\\WIN 10\\WebstormProjects\\acqusition\\node_modules\\router\\index.js:295:15\n    at processParams (C:\\Users\\WIN 10\\WebstormProjects\\acqusition\\node_modules\\router\\index.js:582:12)"}
{"level":"info","message":"::1 - - [28/Aug/2026:14:10:43 +0000] \"POST /api/auth/sign-up HTTP/1.1\" 500 1325 \"-\" \"HTTPie\"","service":"acquisitons-api"}
{"level":"error","message":"Error hashing the password: ${e}","service":"acquisitons-api"}
{"level":"error","message":"Error creating user: Error: Error Hashing","service":"acquisitons-api"}
{"level":"error","message":"Signup error Error Hashing","service":"acquisitons-api","stack":"Error: Error Hashing\n    at hashPassword (file:///C:/Users/WIN%2010/WebstormProjects/acqusition/src/services/auth.service.js:13:11)\n    at createUser (file:///C:/Users/WIN%2010/WebstormProjects/acqusition/src/services/auth.service.js:26:33)\n    at signup (file:///C:/Users/WIN%2010/WebstormProjects/acqusition/src/controllers/auth.controller.js:21:24)\n    at Layer.handleRequest (C:\\Users\\WIN 10\\WebstormProjects\\acqusition\\node_modules\\router\\lib\\layer.js:152:17)\n    at next (C:\\Users\\WIN 10\\WebstormProjects\\acqusition\\node_modules\\router\\lib\\route.js:157:13)\n    at Route.dispatch (C:\\Users\\WIN 10\\WebstormProjects\\acqusition\\node_modules\\router\\lib\\route.js:117:3)\n    at handle (C:\\Users\\WIN 10\\WebstormProjects\\acqusition\\node_modules\\router\\index.js:435:11)\n    at Layer.handleRequest (C:\\Users\\WIN 10\\WebstormProjects\\acqusition\\node_modules\\router\\lib\\layer.js:152:17)\n    at C:\\Users\\WIN 10\\WebstormProjects\\acqusition\\node_modules\\router\\index.js:295:15\n    at processParams (C:\\Users\\WIN 10\\WebstormProjects\\acqusition\\node_modules\\router\\index.js:582:12)"}
{"level":"info","message":"::1 - - [28/Aug/2026:14:12:39 +0000] \"POST /api/auth/sign-up HTTP/1.1\" 500 1325 \"-\" \"HTTPie\"","service":"acquisitons-api"}
{"level":"info","message":"User Admin created successfully.","service":"acquisitons-api"}
{"level":"error","message":"Signup error Cannot read properties of undefined (reading 'id')","service":"acquisitons-api","stack":"TypeError: Cannot read properties of undefined (reading 'id')\n    at signup (file:///C:/Users/WIN%2010/WebstormProjects/acqusition/src/controllers/auth.controller.js:24:16)\n    at process.processTicksAndRejections (node:internal/process/task_queues:104:5)"}
{"level":"info","message":"::1 - - [28/Aug/2026:14:18:48 +0000] \"POST /api/auth/sign-up HTTP/1.1\" 500 416 \"-\" \"HTTPie\"","service":"acquisitons-api"}
{"level":"error","message":"Error creating user: Error: User Admin already exists","service":"acquisitons-api"}
{"level":"error","message":"Signup error User Admin already exists","service":"acquisitons-api","stack":"Error: User Admin already exists\n    at createUser (file:///C:/Users/WIN%2010/WebstormProjects/acqusition/src/services/auth.service.js:23:40)\n    at process.processTicksAndRejections (node:internal/process/task_queues:104:5)\n    at async signup (file:///C:/Users/WIN%2010/WebstormProjects/acqusition/src/controllers/auth.controller.js:21:18)"}
{"level":"info","message":"::1 - - [28/Aug/2026:17:15:26 +0000] \"POST /api/auth/sign-up HTTP/1.1\" 500 507 \"-\" \"HTTPie\"","service":"acquisitons-api"}
{"level":"info","message":"User nishant created successfully.","service":"acquisitons-api"}
{"level":"info","message":"User registered successfully: admin@devops.com","service":"acquisitons-api"}
{"level":"info","message":"::1 - - [28/Aug/2026:17:16:34 +0000] \"POST /api/auth/sign-up HTTP/1.1\" 201 90 \"-\" \"HTTPie\"","service":"acquisitons-api"}
